  
  ****************
  Analysis Options
  ****************
  Flow Units ............... CMS
  Process Models:
    Rainfall/Runoff ........ YES
    RDII ................... NO
    Snowmelt ............... NO
    Groundwater ............ NO
    Flow Routing ........... NO
    Water Quality .......... NO
  Infiltration Method ...... MODIFIED_GREEN_AMPT
  Surcharge Method ......... EXTRAN
  Starting Date ............ 01/01/2000 00:00:00
  Ending Date .............. 01/01/2000 00:24:00
  Antecedent Dry Days ...... 5.0
  Report Time Step ......... 00:00:10
  Wet Time Step ............ 00:01:00
  Dry Time Step ............ 00:00:00
  
  
  **************************        Volume         Depth
  Runoff Quantity Continuity     hectare-m            mm
  **************************     ---------       -------
  Total Precipitation ......         3.757        20.000
  Evaporation Loss .........         0.000         0.000
  Infiltration Loss ........         1.377         7.329
  Surface Runoff ...........         1.838         9.783
  Final Storage ............         0.589         3.134
  Continuity Error (%) .....        -1.234
  
  
  **************************        Volume        Volume
  Flow Routing Continuity        hectare-m      10^6 ltr
  **************************     ---------     ---------
  Dry Weather Inflow .......         0.000         0.000
  Wet Weather Inflow .......         1.791        17.907
  Groundwater Inflow .......         0.000         0.000
  RDII Inflow ..............         0.000         0.000
  External Inflow ..........         0.000         0.000
  External Outflow .........         0.000         0.000
  Flooding Loss ............         0.000         0.000
  Evaporation Loss .........         0.000         0.000
  Exfiltration Loss ........         0.000         0.000
  Initial Stored Volume ....         0.000         0.000
  Final Stored Volume ......         0.000         0.000
  Continuity Error (%) .....       100.000
  

  
  ***************************
  Subcatchment Runoff Summary
  ***************************
  
  ------------------------------------------------------------------------------------------------------------------------------
                            Total      Total      Total      Total     Imperv       Perv      Total       Total     Peak  Runoff
                           Precip      Runon       Evap      Infil     Runoff     Runoff     Runoff      Runoff   Runoff   Coeff
  Subcatchment                 mm         mm         mm         mm         mm         mm         mm    10^6 ltr      CMS
  ------------------------------------------------------------------------------------------------------------------------------
  S10                       20.00       0.00       0.00       1.75      15.28       0.00      15.28        0.02     0.01   0.764
  S100                      20.00       0.00       0.00       0.00      20.00       0.00      20.00        0.02     0.01   1.000
  S101                      20.00       0.00       0.00       0.00      20.00       0.00      20.00        0.00     0.00   1.000
  S102                      20.00       0.00       0.00       2.80      14.93       0.00      14.93        0.00     0.00   0.747
  S103                      20.00       0.00       0.00       0.00      20.00       0.00      20.00        0.01     0.00   1.000
  S104                      20.00       0.00       0.00       4.67      13.12       0.00      13.12        0.01     0.01   0.656
  S105                      20.00       0.00       0.00       0.00      20.00       0.00      20.00        0.02     0.01   1.000
  S106                      20.00       0.00       0.00      14.17       4.24       0.00       4.24        0.00     0.00   0.212
  S106_1                    20.00       0.00       0.00       6.27      11.30       0.00      11.30        0.03     0.02   0.565
  S106_2                    20.00       0.00       0.00      12.95       5.24       0.00       5.24        0.01     0.01   0.262
  S106_3                    20.00       0.00       0.00       2.29      14.85       0.00      14.85        0.02     0.02   0.743
  S106_4                    20.00       0.00       0.00       0.73      14.80       0.00      14.80        0.03     0.03   0.740
  S107                      20.00       0.00       0.00       8.96       9.00       0.00       9.00        0.01     0.01   0.450
  S108                      20.00       0.00       0.00       0.00      20.00       0.00      20.00        0.01     0.00   1.000
  S109                      20.00       0.00       0.00      17.23       1.21       0.00       1.21        0.00     0.00   0.060
  S109_1                    20.00       0.00       0.00      12.33       6.05       0.00       6.05        0.02     0.01   0.302
  S109_2                    20.00       0.00       0.00       5.14      12.83       0.00      12.83        0.01     0.01   0.641
  S11                       20.00       0.00       0.00       0.48      16.16       0.00      16.16        0.04     0.03   0.808
  S110                      20.00       0.00       0.00       0.26      15.32       0.00      15.32        0.03     0.03   0.766
  S111                      20.00       0.00       0.00       0.00      20.00       0.00      20.00        0.01     0.01   1.000
  

  Analysis begun on:  Sun Aug 16 13:23:04 2026
  Analysis ended on:  Sun Aug 16 13:23:05 2026
  Total elapsed time: 00:00:01